// Vitest Snapshot v1

exports[`RadioGroup tests > should display a highlighted label and no error message by default 1`] = `
"<div data-v-35f5b373=\\"\\" data-v-e142b43e=\\"\\" class=\\"container\\"><span data-v-0704e93f=\\"\\" data-v-35f5b373=\\"\\" id=\\"label-item\\" class=\\"text-small-semi-bold label--default label--highlighted\\" data-testid=\\"label-item\\">Text <!--v-if--></span>
  <div data-v-e142b43e=\\"\\"><input data-v-e142b43e=\\"\\" id=\\"option-1\\" type=\\"radio\\" name=\\"name\\" data-testid=\\"input-0\\" value=\\"option-1\\"><label data-v-e142b43e=\\"\\" class=\\"text-big-regular\\" for=\\"option-1\\">
      <div data-v-e142b43e=\\"\\" class=\\"icon-container\\">
        <div data-v-b9dd0015=\\"\\" data-v-e142b43e=\\"\\" class=\\"container icon\\"><svg data-v-b9dd0015-s=\\"\\" xmlns=\\"http://www.w3.org/2000/svg\\" width=\\"48\\" height=\\"48\\" viewBox=\\"0 96 960 960\\">
            <path d=\\"M480.078 990.131q-85.469 0-161.006-32.395-75.536-32.395-131.975-88.833-56.438-56.439-88.833-131.897-32.395-75.459-32.395-160.928 0-86.469 32.395-162.006 32.395-75.536 88.745-131.504 56.349-55.968 131.849-88.616 75.5-32.648 161.017-32.648 86.516 0 162.12 32.604 75.603 32.604 131.529 88.497t88.549 131.452Q894.696 489.416 894.696 576q0 85.547-32.648 161.075-32.648 75.527-88.616 131.896-55.968 56.37-131.426 88.765-75.459 32.395-161.928 32.395ZM480 910.913q139.739 0 237.326-97.732Q814.913 715.449 814.913 576q0-139.739-97.587-237.326-97.587-97.587-237.609-97.587-139.021 0-236.826 97.587-97.804 97.587-97.804 237.609 0 139.021 97.732 236.826Q340.551 910.913 480 910.913ZM480 576Z\\"></path>
          </svg></div>
      </div> Option 1
    </label></div>
  <div data-v-e142b43e=\\"\\"><input data-v-e142b43e=\\"\\" id=\\"option-2\\" type=\\"radio\\" name=\\"name\\" data-testid=\\"input-1\\" value=\\"option-2\\"><label data-v-e142b43e=\\"\\" class=\\"text-big-regular\\" for=\\"option-2\\">
      <div data-v-e142b43e=\\"\\" class=\\"icon-container\\">
        <div data-v-b9dd0015=\\"\\" data-v-e142b43e=\\"\\" class=\\"container icon\\"><svg data-v-b9dd0015-s=\\"\\" xmlns=\\"http://www.w3.org/2000/svg\\" width=\\"48\\" height=\\"48\\" viewBox=\\"0 96 960 960\\">
            <path d=\\"M480.078 990.131q-85.469 0-161.006-32.395-75.536-32.395-131.975-88.833-56.438-56.439-88.833-131.897-32.395-75.459-32.395-160.928 0-86.469 32.395-162.006 32.395-75.536 88.745-131.504 56.349-55.968 131.849-88.616 75.5-32.648 161.017-32.648 86.516 0 162.12 32.604 75.603 32.604 131.529 88.497t88.549 131.452Q894.696 489.416 894.696 576q0 85.547-32.648 161.075-32.648 75.527-88.616 131.896-55.968 56.37-131.426 88.765-75.459 32.395-161.928 32.395ZM480 910.913q139.739 0 237.326-97.732Q814.913 715.449 814.913 576q0-139.739-97.587-237.326-97.587-97.587-237.609-97.587-139.021 0-236.826 97.587-97.804 97.587-97.804 237.609 0 139.021 97.732 236.826Q340.551 910.913 480 910.913ZM480 576Z\\"></path>
          </svg></div>
      </div> Option 2
    </label></div>
  <!--v-if-->
</div>"
`;

exports[`RadioGroup tests > should display a non highlighted label and no error message if an option is checked 1`] = `
"<div data-v-35f5b373=\\"\\" data-v-e142b43e=\\"\\" class=\\"container\\"><span data-v-0704e93f=\\"\\" data-v-35f5b373=\\"\\" id=\\"label-item\\" class=\\"text-small-semi-bold label--default\\" data-testid=\\"label-item\\">Text <!--v-if--></span>
  <div data-v-e142b43e=\\"\\"><input data-v-e142b43e=\\"\\" id=\\"option-1\\" type=\\"radio\\" name=\\"name\\" data-testid=\\"input-0\\" value=\\"option-1\\"><label data-v-e142b43e=\\"\\" class=\\"text-big-regular\\" for=\\"option-1\\">
      <div data-v-e142b43e=\\"\\" class=\\"icon-container\\">
        <div data-v-b9dd0015=\\"\\" data-v-e142b43e=\\"\\" class=\\"container icon\\"><svg data-v-b9dd0015-s=\\"\\" xmlns=\\"http://www.w3.org/2000/svg\\" width=\\"48\\" height=\\"48\\" viewBox=\\"0 96 960 960\\">
            <path d=\\"M480.078 990.131q-85.469 0-161.006-32.395-75.536-32.395-131.975-88.833-56.438-56.439-88.833-131.897-32.395-75.459-32.395-160.928 0-86.469 32.395-162.006 32.395-75.536 88.745-131.504 56.349-55.968 131.849-88.616 75.5-32.648 161.017-32.648 86.516 0 162.12 32.604 75.603 32.604 131.529 88.497t88.549 131.452Q894.696 489.416 894.696 576q0 85.547-32.648 161.075-32.648 75.527-88.616 131.896-55.968 56.37-131.426 88.765-75.459 32.395-161.928 32.395ZM480 910.913q139.739 0 237.326-97.732Q814.913 715.449 814.913 576q0-139.739-97.587-237.326-97.587-97.587-237.609-97.587-139.021 0-236.826 97.587-97.804 97.587-97.804 237.609 0 139.021 97.732 236.826Q340.551 910.913 480 910.913ZM480 576Z\\"></path>
          </svg></div>
      </div> Option 1
    </label></div>
  <div data-v-e142b43e=\\"\\"><input data-v-e142b43e=\\"\\" id=\\"option-2\\" type=\\"radio\\" name=\\"name\\" data-testid=\\"input-1\\" value=\\"option-2\\"><label data-v-e142b43e=\\"\\" class=\\"text-big-regular\\" for=\\"option-2\\">
      <div data-v-e142b43e=\\"\\" class=\\"icon-container\\">
        <div data-v-b9dd0015=\\"\\" data-v-e142b43e=\\"\\" class=\\"container icon\\"><svg data-v-b9dd0015-s=\\"\\" xmlns=\\"http://www.w3.org/2000/svg\\" width=\\"48\\" height=\\"48\\" viewBox=\\"0 96 960 960\\">
            <path d=\\"M480 762q78 0 132-54t54-132q0-78-54-132t-132-54q-78 0-132 54t-54 132q0 78 54 132t132 54Zm.078 228.131q-85.469 0-161.006-32.395-75.536-32.395-131.975-88.833-56.438-56.439-88.833-131.897-32.395-75.459-32.395-160.928 0-86.469 32.395-162.006 32.395-75.536 88.745-131.504 56.349-55.968 131.849-88.616 75.5-32.648 161.017-32.648 86.516 0 162.12 32.604 75.603 32.604 131.529 88.497t88.549 131.452Q894.696 489.416 894.696 576q0 85.547-32.648 161.075-32.648 75.527-88.616 131.896-55.968 56.37-131.426 88.765-75.459 32.395-161.928 32.395ZM480 910.913q139.739 0 237.326-97.732Q814.913 715.449 814.913 576q0-139.739-97.587-237.326-97.587-97.587-237.609-97.587-139.021 0-236.826 97.587-97.804 97.587-97.804 237.609 0 139.021 97.732 236.826Q340.551 910.913 480 910.913ZM480 576Z\\"></path>
          </svg></div>
      </div> Option 2
    </label></div><span data-v-c1d8433f=\\"\\" data-v-35f5b373=\\"\\" id=\\"error-item\\" data-testid=\\"error-item\\" class=\\"text-small-regular\\">This field is required</span>
</div>"
`;

exports[`RadioGroup tests > should display the component with disabled options 1`] = `
"<div data-v-35f5b373=\\"\\" data-v-e142b43e=\\"\\" class=\\"container\\"><span data-v-0704e93f=\\"\\" data-v-35f5b373=\\"\\" id=\\"label-item\\" class=\\"text-small-semi-bold label--default label--highlighted\\" data-testid=\\"label-item\\">Text <!--v-if--></span>
  <div data-v-e142b43e=\\"\\"><input data-v-e142b43e=\\"\\" id=\\"option-1\\" type=\\"radio\\" name=\\"name\\" data-testid=\\"input-0\\" disabled=\\"\\" value=\\"option-1\\"><label data-v-e142b43e=\\"\\" class=\\"text-big-regular\\" for=\\"option-1\\">
      <div data-v-e142b43e=\\"\\" class=\\"icon-container\\">
        <div data-v-b9dd0015=\\"\\" data-v-e142b43e=\\"\\" class=\\"container icon\\"><svg data-v-b9dd0015-s=\\"\\" xmlns=\\"http://www.w3.org/2000/svg\\" width=\\"48\\" height=\\"48\\" viewBox=\\"0 96 960 960\\">
            <path d=\\"M480.078 990.131q-85.469 0-161.006-32.395-75.536-32.395-131.975-88.833-56.438-56.439-88.833-131.897-32.395-75.459-32.395-160.928 0-86.469 32.395-162.006 32.395-75.536 88.745-131.504 56.349-55.968 131.849-88.616 75.5-32.648 161.017-32.648 86.516 0 162.12 32.604 75.603 32.604 131.529 88.497t88.549 131.452Q894.696 489.416 894.696 576q0 85.547-32.648 161.075-32.648 75.527-88.616 131.896-55.968 56.37-131.426 88.765-75.459 32.395-161.928 32.395ZM480 910.913q139.739 0 237.326-97.732Q814.913 715.449 814.913 576q0-139.739-97.587-237.326-97.587-97.587-237.609-97.587-139.021 0-236.826 97.587-97.804 97.587-97.804 237.609 0 139.021 97.732 236.826Q340.551 910.913 480 910.913ZM480 576Z\\"></path>
          </svg></div>
      </div> Option 1
    </label></div>
  <div data-v-e142b43e=\\"\\"><input data-v-e142b43e=\\"\\" id=\\"option-2\\" type=\\"radio\\" name=\\"name\\" data-testid=\\"input-1\\" disabled=\\"\\" value=\\"option-2\\"><label data-v-e142b43e=\\"\\" class=\\"text-big-regular\\" for=\\"option-2\\">
      <div data-v-e142b43e=\\"\\" class=\\"icon-container\\">
        <div data-v-b9dd0015=\\"\\" data-v-e142b43e=\\"\\" class=\\"container icon\\"><svg data-v-b9dd0015-s=\\"\\" xmlns=\\"http://www.w3.org/2000/svg\\" width=\\"48\\" height=\\"48\\" viewBox=\\"0 96 960 960\\">
            <path d=\\"M480.078 990.131q-85.469 0-161.006-32.395-75.536-32.395-131.975-88.833-56.438-56.439-88.833-131.897-32.395-75.459-32.395-160.928 0-86.469 32.395-162.006 32.395-75.536 88.745-131.504 56.349-55.968 131.849-88.616 75.5-32.648 161.017-32.648 86.516 0 162.12 32.604 75.603 32.604 131.529 88.497t88.549 131.452Q894.696 489.416 894.696 576q0 85.547-32.648 161.075-32.648 75.527-88.616 131.896-55.968 56.37-131.426 88.765-75.459 32.395-161.928 32.395ZM480 910.913q139.739 0 237.326-97.732Q814.913 715.449 814.913 576q0-139.739-97.587-237.326-97.587-97.587-237.609-97.587-139.021 0-236.826 97.587-97.804 97.587-97.804 237.609 0 139.021 97.732 236.826Q340.551 910.913 480 910.913ZM480 576Z\\"></path>
          </svg></div>
      </div> Option 2
    </label></div>
  <!--v-if-->
</div>"
`;
