// Vitest Snapshot v1

exports[`AlertItem tests > should display the component with its text and colorType props 1`] = `"<p data-v-a2a80cda=\\"\\" class=\\"text-default-regular\\">Lorem ipsum dolor sit amet, consectetur adipiscing elit. Et penatibus eleifend vulputate condimentum tempus.</p>"`;
